Archive member included       because of file (symbol)

C:\PROGRA~1\CYGNUS\THUMBELF-000512\H-I686-CYGWIN32\BIN/../lib/gcc-lib/thumb-elf/2.9-arm-000512/libgcc.a(__main.o)
                              main.o (__gccmain)
C:\PROGRA~1\CYGNUS\THUMBELF-000512\H-I686-CYGWIN32\BIN/../lib/gcc-lib/thumb-elf/2.9-arm-000512/libgcc.a(_call_via_rX.o)
                              hard_init.o (_call_via_r0)
C:\PROGRA~1\CYGNUS\THUMBELF-000512\H-I686-CYGWIN32\BIN/../lib/gcc-lib/thumb-elf/2.9-arm-000512/libgcc.a(_ctors.o)
                              C:\PROGRA~1\CYGNUS\THUMBELF-000512\H-I686-CYGWIN32\BIN/../lib/gcc-lib/thumb-elf/2.9-arm-000512/libgcc.a(__main.o) (__CTOR_LIST__)
C:\PROGRA~1\CYGNUS\THUMBELF-000512\H-I686-CYGWIN32\BIN/../lib/gcc-lib/thumb-elf/2.9-arm-000512/libgcc.a(_exit.o)
                              C:\PROGRA~1\CYGNUS\THUMBELF-000512\H-I686-CYGWIN32\BIN/../lib/gcc-lib/thumb-elf/2.9-arm-000512/libgcc.a(__main.o) (_exit_dummy_decl)
C:\PROGRA~1\CYGNUS\THUMBELF-000512\H-I686-CYGWIN32\BIN/../lib/gcc-lib/thumb-elf/2.9-arm-000512/../../../../thumb-elf/lib/libg.a(atexit.o)
                              C:\PROGRA~1\CYGNUS\THUMBELF-000512\H-I686-CYGWIN32\BIN/../lib/gcc-lib/thumb-elf/2.9-arm-000512/libgcc.a(__main.o) (atexit)
C:\PROGRA~1\CYGNUS\THUMBELF-000512\H-I686-CYGWIN32\BIN/../lib/gcc-lib/thumb-elf/2.9-arm-000512/../../../../thumb-elf/lib/libg.a(impure.o)
                              C:\PROGRA~1\CYGNUS\THUMBELF-000512\H-I686-CYGWIN32\BIN/../lib/gcc-lib/thumb-elf/2.9-arm-000512/../../../../thumb-elf/lib/libg.a(atexit.o) (_impure_ptr)
C:\PROGRA~1\CYGNUS\THUMBELF-000512\H-I686-CYGWIN32\BIN/../lib/gcc-lib/thumb-elf/2.9-arm-000512/../../../../thumb-elf/lib/libg.a(malloc.o)
                              C:\PROGRA~1\CYGNUS\THUMBELF-000512\H-I686-CYGWIN32\BIN/../lib/gcc-lib/thumb-elf/2.9-arm-000512/../../../../thumb-elf/lib/libg.a(atexit.o) (malloc)
C:\PROGRA~1\CYGNUS\THUMBELF-000512\H-I686-CYGWIN32\BIN/../lib/gcc-lib/thumb-elf/2.9-arm-000512/../../../../thumb-elf/lib/libg.a(mallocr.o)
                              C:\PROGRA~1\CYGNUS\THUMBELF-000512\H-I686-CYGWIN32\BIN/../lib/gcc-lib/thumb-elf/2.9-arm-000512/../../../../thumb-elf/lib/libg.a(malloc.o) (_malloc_r)
C:\PROGRA~1\CYGNUS\THUMBELF-000512\H-I686-CYGWIN32\BIN/../lib/gcc-lib/thumb-elf/2.9-arm-000512/../../../../thumb-elf/lib/libg.a(mlock.o)
                              C:\PROGRA~1\CYGNUS\THUMBELF-000512\H-I686-CYGWIN32\BIN/../lib/gcc-lib/thumb-elf/2.9-arm-000512/../../../../thumb-elf/lib/libg.a(mallocr.o) (__malloc_lock)
C:\PROGRA~1\CYGNUS\THUMBELF-000512\H-I686-CYGWIN32\BIN/../lib/gcc-lib/thumb-elf/2.9-arm-000512/../../../../thumb-elf/lib/libg.a(sbrkr.o)
                              C:\PROGRA~1\CYGNUS\THUMBELF-000512\H-I686-CYGWIN32\BIN/../lib/gcc-lib/thumb-elf/2.9-arm-000512/../../../../thumb-elf/lib/libg.a(mallocr.o) (_sbrk_r)
C:\PROGRA~1\CYGNUS\THUMBELF-000512\H-I686-CYGWIN32\BIN/../lib/gcc-lib/thumb-elf/2.9-arm-000512/../../../../thumb-elf/lib/libg.a(syscalls.o)
                              C:\PROGRA~1\CYGNUS\THUMBELF-000512\H-I686-CYGWIN32\BIN/../lib/gcc-lib/thumb-elf/2.9-arm-000512/../../../../thumb-elf/lib/libg.a(sbrkr.o) (_sbrk)
C:\PROGRA~1\CYGNUS\THUMBELF-000512\H-I686-CYGWIN32\BIN/../lib/gcc-lib/thumb-elf/2.9-arm-000512/../../../../thumb-elf/lib/libg.a(errno.o)
                              C:\PROGRA~1\CYGNUS\THUMBELF-000512\H-I686-CYGWIN32\BIN/../lib/gcc-lib/thumb-elf/2.9-arm-000512/../../../../thumb-elf/lib/libg.a(syscalls.o) (__errno)
C:\PROGRA~1\CYGNUS\THUMBELF-000512\H-I686-CYGWIN32\BIN/../lib/gcc-lib/thumb-elf/2.9-arm-000512/../../../../thumb-elf/lib/libg.a(freer.o)
                              C:\PROGRA~1\CYGNUS\THUMBELF-000512\H-I686-CYGWIN32\BIN/../lib/gcc-lib/thumb-elf/2.9-arm-000512/../../../../thumb-elf/lib/libg.a(malloc.o) (_free_r)
C:\PROGRA~1\CYGNUS\THUMBELF-000512\H-I686-CYGWIN32\BIN/../lib/gcc-lib/thumb-elf/2.9-arm-000512/../../../../thumb-elf/lib/libg.a(libcfunc.o)
                              C:\PROGRA~1\CYGNUS\THUMBELF-000512\H-I686-CYGWIN32\BIN/../lib/gcc-lib/thumb-elf/2.9-arm-000512/../../../../thumb-elf/lib/libg.a(syscalls.o) (abort)
C:\PROGRA~1\CYGNUS\THUMBELF-000512\H-I686-CYGWIN32\BIN/../lib/gcc-lib/thumb-elf/2.9-arm-000512/../../../../thumb-elf/lib/libg.a(strlen.o)
                              C:\PROGRA~1\CYGNUS\THUMBELF-000512\H-I686-CYGWIN32\BIN/../lib/gcc-lib/thumb-elf/2.9-arm-000512/../../../../thumb-elf/lib/libg.a(syscalls.o) (strlen)
C:\PROGRA~1\CYGNUS\THUMBELF-000512\H-I686-CYGWIN32\BIN/../lib/gcc-lib/thumb-elf/2.9-arm-000512/libgcc.a(_udivsi3.o)
                              C:\PROGRA~1\CYGNUS\THUMBELF-000512\H-I686-CYGWIN32\BIN/../lib/gcc-lib/thumb-elf/2.9-arm-000512/../../../../thumb-elf/lib/libg.a(freer.o) (__udivsi3)
C:\PROGRA~1\CYGNUS\THUMBELF-000512\H-I686-CYGWIN32\BIN/../lib/gcc-lib/thumb-elf/2.9-arm-000512/libgcc.a(_dvmd_tls.o)
                              C:\PROGRA~1\CYGNUS\THUMBELF-000512\H-I686-CYGWIN32\BIN/../lib/gcc-lib/thumb-elf/2.9-arm-000512/libgcc.a(_udivsi3.o) (__div0)

Allocating common symbols
Common symbol       size              file

v_blank_fnc         0x4               hard_init.o
KeyTrg              0x4               main.o
errno               0x4               C:\PROGRA~1\CYGNUS\THUMBELF-000512\H-I686-CYGWIN32\BIN/../lib/gcc-lib/thumb-elf/2.9-arm-000512/../../../../thumb-elf/lib/libg.a(sbrkr.o)
attack_status       0x4               main.o
jump_status         0x4               main.o
move_status         0x4               main.o
p_table             0x4               main.o
hero                0xc               main.o
oam_buffer          0x400             main.o
wait                0x4               main.o
IntrMainBuf         0x800             hard_init.o
inc                 0x4               main.o
KeyCont             0x4               main.o
IntrCheck           0x4               hard_init.o
p_hero              0x4               main.o

Memory Configuration

Name             Origin             Length             Attributes
*default*        0x00000000         0xffffffff

Linker script and memory map

LOAD crt0.o
LOAD main.o
LOAD hard_init.o
LOAD C:/agb/lib/libagbsyscall.a
LOAD C:/agb/lib/libisagbprn.a
LOAD C:\PROGRA~1\CYGNUS\THUMBELF-000512\H-I686-CYGWIN32\BIN/../lib/gcc-lib/thumb-elf/2.9-arm-000512/libgcc.a
LOAD C:\PROGRA~1\CYGNUS\THUMBELF-000512\H-I686-CYGWIN32\BIN/../lib/gcc-lib/thumb-elf/2.9-arm-000512/../../../../thumb-elf/lib/libg.a
LOAD C:\PROGRA~1\CYGNUS\THUMBELF-000512\H-I686-CYGWIN32\BIN/../lib/gcc-lib/thumb-elf/2.9-arm-000512/../../../../thumb-elf/lib/libc.a
LOAD C:\PROGRA~1\CYGNUS\THUMBELF-000512\H-I686-CYGWIN32\BIN/../lib/gcc-lib/thumb-elf/2.9-arm-000512/libgcc.a
Address of section .bss set to 0x3000000
Address of section .text set to 0x8000000
                0x00008000                .=0x8000

.interp
 *(.interp)

.hash
 *(.hash)

.dynsym
 *(.dynsym)

.dynstr
 *(.dynstr)

.gnu.version
 *(.gnu.version)

.gnu.version_d
 *(.gnu.version_d)

.gnu.version_r
 *(.gnu.version_r)

.rel.text
 *(.rel.text)
 *(.rel.text.*)
 *(.rel.gnu.linkonce.t*)

.rela.text
 *(.rela.text)
 *(.rela.text.*)
 *(.rela.gnu.linkonce.t*)

.rel.data
 *(.rel.data)
 *(.rel.data.*)
 *(.rel.gnu.linkonce.d*)

.rela.data
 *(.rela.data)
 *(.rela.data.*)
 *(.rela.gnu.linkonce.d*)

.rel.rodata
 *(.rel.rodata)
 *(.rel.rodata.*)
 *(.rel.gnu.linkonce.r*)

.rela.rodata
 *(.rela.rodata)
 *(.rela.rodata.*)
 *(.rela.gnu.linkonce.r*)

.rel.got
 *(.rel.got)

.rela.got
 *(.rela.got)

.rel.ctors
 *(.rel.ctors)

.rela.ctors
 *(.rela.ctors)

.rel.dtors
 *(.rel.dtors)

.rela.dtors
 *(.rela.dtors)

.rel.init
 *(.rel.init)

.rela.init
 *(.rela.init)

.rel.fini
 *(.rel.fini)

.rela.fini
 *(.rela.fini)

.rel.bss
 *(.rel.bss)

.rela.bss
 *(.rela.bss)

.rel.plt
 *(.rel.plt)

.rela.plt
 *(.rela.plt)

.init
 *(.init)

.plt
 *(.plt)

.text           0x08000000     0x13c8
 *(.text)
 .text          0x08000000      0x1cc crt0.o
                0x08000000                _start
                0x080000c0                start_vector
                0x080000fc                intr_main
 .text          0x080001cc      0x184 main.o
                0x080001cc                KeyManager
                0x0800031c                InitGlobal
                0x080001fc                main
                0x080002bc                hero_anime
 .text          0x08000350      0x204 hard_init.o
                0x08000534                V_Wait
                0x080003d0                ClearOamRam
                0x0800050c                V_Intr_Clear
                0x080003a8                ClearVram
                0x08000520                V_Intr_Set
                0x08000434                ClearPaletteRam
                0x0800045c                InitHardware
                0x08000490                InitVBlank
                0x08000370                ClearWorkRam
                0x08000394                ClearGraphicRam
                0x080004d0                SetVBlankFunc
                0x08000508                dummy
                0x08000350                ClearRamAll
                0x080004ec                VBlankFunc
 .text          0x08000554       0x8c C:\PROGRA~1\CYGNUS\THUMBELF-000512\H-I686-CYGWIN32\BIN/../lib/gcc-lib/thumb-elf/2.9-arm-000512/libgcc.a(__main.o)
                0x080005c8                __gccmain
                0x08000554                __do_global_dtors
                0x0800057c                __do_global_ctors
 .text          0x080005e0       0x3c C:\PROGRA~1\CYGNUS\THUMBELF-000512\H-I686-CYGWIN32\BIN/../lib/gcc-lib/thumb-elf/2.9-arm-000512/libgcc.a(_call_via_rX.o)
                0x080005e8                _call_via_r2
                0x080005f8                _call_via_r6
                0x080005f4                _call_via_r5
                0x080005ec                _call_via_r3
                0x0800060c                _call_via_fp
                0x08000600                _call_via_r8
                0x080005fc                _call_via_r7
                0x080005e0                _call_via_r0
                0x08000608                _call_via_sl
                0x08000614                _call_via_sp
                0x08000604                _call_via_r9
                0x080005f0                _call_via_r4
                0x080005e4                _call_via_r1
                0x08000610                _call_via_ip
                0x08000618                _call_via_lr
 .text          0x0800061c       0x5c C:\PROGRA~1\CYGNUS\THUMBELF-000512\H-I686-CYGWIN32\BIN/../lib/gcc-lib/thumb-elf/2.9-arm-000512/../../../../thumb-elf/lib/libg.a(atexit.o)
                0x0800061c                atexit
 .text          0x08000678       0x28 C:\PROGRA~1\CYGNUS\THUMBELF-000512\H-I686-CYGWIN32\BIN/../lib/gcc-lib/thumb-elf/2.9-arm-000512/../../../../thumb-elf/lib/libg.a(malloc.o)
                0x08000678                malloc
                0x0800068c                free
 .text          0x080006a0      0x51c C:\PROGRA~1\CYGNUS\THUMBELF-000512\H-I686-CYGWIN32\BIN/../lib/gcc-lib/thumb-elf/2.9-arm-000512/../../../../thumb-elf/lib/libg.a(mallocr.o)
                0x080007fc                _malloc_r
 .text          0x08000bbc        0x8 C:\PROGRA~1\CYGNUS\THUMBELF-000512\H-I686-CYGWIN32\BIN/../lib/gcc-lib/thumb-elf/2.9-arm-000512/../../../../thumb-elf/lib/libg.a(mlock.o)
                0x08000bc0                __malloc_unlock
                0x08000bbc                __malloc_lock
 .text          0x08000bc4       0x2c C:\PROGRA~1\CYGNUS\THUMBELF-000512\H-I686-CYGWIN32\BIN/../lib/gcc-lib/thumb-elf/2.9-arm-000512/../../../../thumb-elf/lib/libg.a(sbrkr.o)
                0x08000bc4                _sbrk_r
 .text          0x08000bf0      0x464 C:\PROGRA~1\CYGNUS\THUMBELF-000512\H-I686-CYGWIN32\BIN/../lib/gcc-lib/thumb-elf/2.9-arm-000512/../../../../thumb-elf/lib/libg.a(syscalls.o)
                0x08000fac                _getpid
                0x08000c5c                initialise_monitor_handles
                0x08000fec                _fstat
                0x08000f18                _open
                0x08000fb0                _sbrk
                0x08001000                _raise
                0x08001030                _times
                0x08000dfc                _lseek
                0x08000e08                _swiwrite
                0x08000d78                _swilseek
                0x08000f2c                _swiclose
                0x08000e78                _swiopen
                0x08000ff8                _unlink
                0x08000e2c                _write
                0x08000f8c                _kill
                0x08001004                _gettimeofday
                0x08000d30                _read
                0x08000f6c                _exit
                0x08000d0c                _swiread
                0x08000f60                _close
 .text          0x08001054        0xc C:\PROGRA~1\CYGNUS\THUMBELF-000512\H-I686-CYGWIN32\BIN/../lib/gcc-lib/thumb-elf/2.9-arm-000512/../../../../thumb-elf/lib/libg.a(errno.o)
                0x08001054                __errno
 .text          0x08001060      0x280 C:\PROGRA~1\CYGNUS\THUMBELF-000512\H-I686-CYGWIN32\BIN/../lib/gcc-lib/thumb-elf/2.9-arm-000512/../../../../thumb-elf/lib/libg.a(freer.o)
                0x08001060                _free_r
                0x08001220                _malloc_trim_r
 .text          0x080012e0       0x28 C:\PROGRA~1\CYGNUS\THUMBELF-000512\H-I686-CYGWIN32\BIN/../lib/gcc-lib/thumb-elf/2.9-arm-000512/../../../../thumb-elf/lib/libg.a(libcfunc.o)
                0x08001300                isatty
                0x080012e0                abort
                0x08001304                alarm
 .text          0x08001308       0x44 C:\PROGRA~1\CYGNUS\THUMBELF-000512\H-I686-CYGWIN32\BIN/../lib/gcc-lib/thumb-elf/2.9-arm-000512/../../../../thumb-elf/lib/libg.a(strlen.o)
                0x08001308                strlen
 .text          0x0800134c       0x78 C:\PROGRA~1\CYGNUS\THUMBELF-000512\H-I686-CYGWIN32\BIN/../lib/gcc-lib/thumb-elf/2.9-arm-000512/libgcc.a(_udivsi3.o)
                0x0800134c                __udivsi3
 .text          0x080013c4        0x4 C:\PROGRA~1\CYGNUS\THUMBELF-000512\H-I686-CYGWIN32\BIN/../lib/gcc-lib/thumb-elf/2.9-arm-000512/libgcc.a(_dvmd_tls.o)
                0x080013c4                __div0
 *(.text.*)
 *(.stub)
 *(.gnu.warning)
 *(.gnu.linkonce.t*)
 *(.glue_7t)
 *(.glue_7)
                0x080013c8                _etext=.
                0x080013c8                PROVIDE (etext, .)

.fini
 *(.fini)

.rodata         0x080013c8     0x3970
 *(.rodata)
 .rodata        0x080013c8     0x390c main.o
                0x080041c8                hero_stand_1_Palette
                0x08002ce8                hero_jump_2_Char
                0x08001a28                hero_attack1_3_Char
                0x08003748                hero_jump_dameged_Char
                0x08002cc8                hero_jump_2_Palette
                0x08004408                hero_stand_2_Char
                0x08002048                hero_attack2_2_Palette
                0x080015e8                hero_attack1_2_Palette
                0x08003da8                hero_move_3_Char
                0x080013c8                hero_attack1_1_Palette
                0x08003728                hero_jump_dameged_Palette
                0x08001c48                hero_attack2_1_Char
                0x08002ac8                hero_jump_1_Char
                0x08003b68                hero_move_2_Palette
                0x08003d88                hero_move_3_Palette
                0x08004c68                spright_anime00
                0x08004828                heros_shadow_1_Palette
                0x08004628                hero_stand_3_Char
                0x08002268                hero_attack3_1_Palette
                0x08002688                hero_attack3_2_Palette
                0x08003968                hero_move_1_Char
                0x08001a08                hero_attack1_3_Palette
                0x080041e8                hero_stand_1_Char
                0x08002068                hero_attack2_2_Char
                0x08004a48                heros_shadow_2_Palette
                0x08004a68                heros_shadow_2_Char
                0x08003b88                hero_move_2_Char
                0x08002aa8                hero_jump_1_Palette
                0x08003fc8                hero_senter_Char
                0x08001608                hero_attack1_2_Char
                0x08003328                hero_jump_attack_2_Char
                0x08003308                hero_jump_attack_2_Palette
                0x08001c28                hero_attack2_1_Palette
                0x08002f08                hero_jump_attack_1_Char
                0x080013e8                hero_attack1_1_Char
                0x08003948                hero_move_1_Palette
                0x08003fa8                hero_senter_Palette
                0x080026a8                hero_attack3_2_Char
                0x08004608                hero_stand_3_Palette
                0x08002ee8                hero_jump_attack_1_Palette
                0x08004848                heros_shadow_1_Char
                0x08002288                hero_attack3_1_Char
                0x080043e8                hero_stand_2_Palette
 .rodata        0x08004cd4       0x38 hard_init.o
                0x08004cd4                IntrTable
 .rodata        0x08004d0c        0x4 C:\PROGRA~1\CYGNUS\THUMBELF-000512\H-I686-CYGWIN32\BIN/../lib/gcc-lib/thumb-elf/2.9-arm-000512/../../../../thumb-elf/lib/libg.a(impure.o)
 .rodata        0x08004d10       0x28 C:\PROGRA~1\CYGNUS\THUMBELF-000512\H-I686-CYGWIN32\BIN/../lib/gcc-lib/thumb-elf/2.9-arm-000512/../../../../thumb-elf/lib/libg.a(syscalls.o)
 *(.rodata.*)
 *(.gnu.linkonce.r*)

.rodata1
 *(.rodata1)
                0x08004e38                .=(ALIGN(0x100)+(.&0xff))

.data           0x08004e38      0x79c
 *(.data)
 .data          0x08004e38       0x4c main.o
                0x08004e38                hero_pat
 .data          0x08004e84        0x8 C:\PROGRA~1\CYGNUS\THUMBELF-000512\H-I686-CYGWIN32\BIN/../lib/gcc-lib/thumb-elf/2.9-arm-000512/libgcc.a(__main.o)
                0x08004e88                _exit_dummy_ref
 .data          0x08004e8c       0x10 C:\PROGRA~1\CYGNUS\THUMBELF-000512\H-I686-CYGWIN32\BIN/../lib/gcc-lib/thumb-elf/2.9-arm-000512/libgcc.a(_ctors.o)
                0x08004e8c                __CTOR_LIST__
                0x08004e94                __DTOR_LIST__
 .data          0x08004e9c        0x4 C:\PROGRA~1\CYGNUS\THUMBELF-000512\H-I686-CYGWIN32\BIN/../lib/gcc-lib/thumb-elf/2.9-arm-000512/libgcc.a(_exit.o)
                0x08004e9c                _exit_dummy_decl
 .data          0x08004ea0      0x2f0 C:\PROGRA~1\CYGNUS\THUMBELF-000512\H-I686-CYGWIN32\BIN/../lib/gcc-lib/thumb-elf/2.9-arm-000512/../../../../thumb-elf/lib/libg.a(impure.o)
                0x0800518c                _impure_ptr
 .data          0x08005190      0x444 C:\PROGRA~1\CYGNUS\THUMBELF-000512\H-I686-CYGWIN32\BIN/../lib/gcc-lib/thumb-elf/2.9-arm-000512/../../../../thumb-elf/lib/libg.a(mallocr.o)
                0x0800559c                __malloc_top_pad
                0x080055a4                __malloc_max_sbrked_mem
                0x080055a0                __malloc_sbrk_base
                0x080055ac                __malloc_current_mallinfo
                0x08005190                __malloc_av_
                0x080055a8                __malloc_max_total_mem
                0x08005598                __malloc_trim_threshold
 *(.data.*)
 *(.gnu.linkonce.d*)

.data1
 *(.data1)

.ctors
 EXCLUDE_FILE ( *crtend.o )*(.ctors)
 *(SORT(.ctors.*))
 *crtend(.ctors)

.dtors
 EXCLUDE_FILE ( *crtend.o )*(.dtors)
 *(SORT(.dtors.*))
 *crtend.o(.dtors)

.got
 *(.got.plt)
 *(.got)

.dynamic
 *(.dynamic)

.sdata
 *(.sdata)
 *(.sdata.*)
                0x080055d4                _edata=.
                0x080055d4                PROVIDE (edata, .)
                0x080055d4                __bss_start=.
                0x080055d4                __bss_start__=.

.sbss
 *(.sbss)
 *(.scommon)

.bss            0x03000000      0xd18
 *(.dynbss)
 *(.bss)
 .bss           0x03000000        0x4 C:\PROGRA~1\CYGNUS\THUMBELF-000512\H-I686-CYGWIN32\BIN/../lib/gcc-lib/thumb-elf/2.9-arm-000512/libgcc.a(__main.o)
 *fill*         0x03000004        0x4
 .bss           0x03000008       0xb0 C:\PROGRA~1\CYGNUS\THUMBELF-000512\H-I686-CYGWIN32\BIN/../lib/gcc-lib/thumb-elf/2.9-arm-000512/../../../../thumb-elf/lib/libg.a(syscalls.o)
 *(.bss.*)
 *(COMMON)
 *fill*         0x030000b8        0x8
 COMMON         0x030000c0      0x440 main.o
                                  0x0 (size before relaxing)
                0x030000c0                KeyTrg
                0x030000c4                attack_status
                0x030000c8                jump_status
                0x030000cc                move_status
                0x030000d0                p_table
                0x030000e0                hero
                0x030000f0                oam_buffer
                0x030004f0                wait
                0x030004f4                inc
                0x030004f8                KeyCont
                0x030004fc                p_hero
 COMMON         0x03000500      0x814 hard_init.o
                                  0x0 (size before relaxing)
                0x03000500                v_blank_fnc
                0x03000510                IntrMainBuf
                0x03000d10                IntrCheck
 COMMON         0x03000d14        0x4 C:\PROGRA~1\CYGNUS\THUMBELF-000512\H-I686-CYGWIN32\BIN/../lib/gcc-lib/thumb-elf/2.9-arm-000512/../../../../thumb-elf/lib/libg.a(sbrkr.o)
                                  0x0 (size before relaxing)
                0x03000d14                errno
                0x03000d18                .=ALIGN(0x4)
                0x03000d18                .=ALIGN(0x4)
                0x03000d18                _end=.
                0x03000d18                _bss_end__=.
                0x03000d18                __bss_end__=.
                0x03000d18                PROVIDE (end, .)

.stab
 *(.stab)

.stabstr
 *(.stabstr)

.stab.excl
 *(.stab.excl)

.stab.exclstr
 *(.stab.exclstr)

.stab.index
 *(.stab.index)

.stab.indexstr
 *(.stab.indexstr)

.comment
 *(.comment)

.debug
 *(.debug)

.line
 *(.line)

.debug_srcinfo
 *(.debug_srcinfo)

.debug_sfnames
 *(.debug_sfnames)

.debug_aranges  0x00000000      0x1a0
 *(.debug_aranges)
 .debug_aranges
                0x00000000       0x20 main.o
 .debug_aranges
                0x00000020       0x20 hard_init.o
 .debug_aranges
                0x00000040       0x20 C:\PROGRA~1\CYGNUS\THUMBELF-000512\H-I686-CYGWIN32\BIN/../lib/gcc-lib/thumb-elf/2.9-arm-000512/libgcc.a(__main.o)
 .debug_aranges
                0x00000060       0x20 C:\PROGRA~1\CYGNUS\THUMBELF-000512\H-I686-CYGWIN32\BIN/../lib/gcc-lib/thumb-elf/2.9-arm-000512/../../../../thumb-elf/lib/libg.a(atexit.o)
 .debug_aranges
                0x00000080       0x20 C:\PROGRA~1\CYGNUS\THUMBELF-000512\H-I686-CYGWIN32\BIN/../lib/gcc-lib/thumb-elf/2.9-arm-000512/../../../../thumb-elf/lib/libg.a(malloc.o)
 .debug_aranges
                0x000000a0       0x20 C:\PROGRA~1\CYGNUS\THUMBELF-000512\H-I686-CYGWIN32\BIN/../lib/gcc-lib/thumb-elf/2.9-arm-000512/../../../../thumb-elf/lib/libg.a(mallocr.o)
 .debug_aranges
                0x000000c0       0x20 C:\PROGRA~1\CYGNUS\THUMBELF-000512\H-I686-CYGWIN32\BIN/../lib/gcc-lib/thumb-elf/2.9-arm-000512/../../../../thumb-elf/lib/libg.a(mlock.o)
 .debug_aranges
                0x000000e0       0x20 C:\PROGRA~1\CYGNUS\THUMBELF-000512\H-I686-CYGWIN32\BIN/../lib/gcc-lib/thumb-elf/2.9-arm-000512/../../../../thumb-elf/lib/libg.a(sbrkr.o)
 .debug_aranges
                0x00000100       0x20 C:\PROGRA~1\CYGNUS\THUMBELF-000512\H-I686-CYGWIN32\BIN/../lib/gcc-lib/thumb-elf/2.9-arm-000512/../../../../thumb-elf/lib/libg.a(syscalls.o)
 .debug_aranges
                0x00000120       0x20 C:\PROGRA~1\CYGNUS\THUMBELF-000512\H-I686-CYGWIN32\BIN/../lib/gcc-lib/thumb-elf/2.9-arm-000512/../../../../thumb-elf/lib/libg.a(errno.o)
 .debug_aranges
                0x00000140       0x20 C:\PROGRA~1\CYGNUS\THUMBELF-000512\H-I686-CYGWIN32\BIN/../lib/gcc-lib/thumb-elf/2.9-arm-000512/../../../../thumb-elf/lib/libg.a(freer.o)
 .debug_aranges
                0x00000160       0x20 C:\PROGRA~1\CYGNUS\THUMBELF-000512\H-I686-CYGWIN32\BIN/../lib/gcc-lib/thumb-elf/2.9-arm-000512/../../../../thumb-elf/lib/libg.a(libcfunc.o)
 .debug_aranges
                0x00000180       0x20 C:\PROGRA~1\CYGNUS\THUMBELF-000512\H-I686-CYGWIN32\BIN/../lib/gcc-lib/thumb-elf/2.9-arm-000512/../../../../thumb-elf/lib/libg.a(strlen.o)

.debug_pubnames
                0x00000000      0x9c1
 *(.debug_pubnames)
 .debug_pubnames
                0x00000000      0x507 main.o
 .debug_pubnames
                0x00000507      0x12b hard_init.o
 .debug_pubnames
                0x00000632       0x4c C:\PROGRA~1\CYGNUS\THUMBELF-000512\H-I686-CYGWIN32\BIN/../lib/gcc-lib/thumb-elf/2.9-arm-000512/libgcc.a(__main.o)
 .debug_pubnames
                0x0000067e       0x1d C:\PROGRA~1\CYGNUS\THUMBELF-000512\H-I686-CYGWIN32\BIN/../lib/gcc-lib/thumb-elf/2.9-arm-000512/../../../../thumb-elf/lib/libg.a(atexit.o)
 .debug_pubnames
                0x0000069b       0x22 C:\PROGRA~1\CYGNUS\THUMBELF-000512\H-I686-CYGWIN32\BIN/../lib/gcc-lib/thumb-elf/2.9-arm-000512/../../../../thumb-elf/lib/libg.a(impure.o)
 .debug_pubnames
                0x000006bd       0x26 C:\PROGRA~1\CYGNUS\THUMBELF-000512\H-I686-CYGWIN32\BIN/../lib/gcc-lib/thumb-elf/2.9-arm-000512/../../../../thumb-elf/lib/libg.a(malloc.o)
 .debug_pubnames
                0x000006e3       0xce C:\PROGRA~1\CYGNUS\THUMBELF-000512\H-I686-CYGWIN32\BIN/../lib/gcc-lib/thumb-elf/2.9-arm-000512/../../../../thumb-elf/lib/libg.a(mallocr.o)
 .debug_pubnames
                0x000007b1       0x38 C:\PROGRA~1\CYGNUS\THUMBELF-000512\H-I686-CYGWIN32\BIN/../lib/gcc-lib/thumb-elf/2.9-arm-000512/../../../../thumb-elf/lib/libg.a(mlock.o)
 .debug_pubnames
                0x000007e9       0x28 C:\PROGRA~1\CYGNUS\THUMBELF-000512\H-I686-CYGWIN32\BIN/../lib/gcc-lib/thumb-elf/2.9-arm-000512/../../../../thumb-elf/lib/libg.a(sbrkr.o)
 .debug_pubnames
                0x00000811      0x113 C:\PROGRA~1\CYGNUS\THUMBELF-000512\H-I686-CYGWIN32\BIN/../lib/gcc-lib/thumb-elf/2.9-arm-000512/../../../../thumb-elf/lib/libg.a(syscalls.o)
 .debug_pubnames
                0x00000924       0x1e C:\PROGRA~1\CYGNUS\THUMBELF-000512\H-I686-CYGWIN32\BIN/../lib/gcc-lib/thumb-elf/2.9-arm-000512/../../../../thumb-elf/lib/libg.a(errno.o)
 .debug_pubnames
                0x00000942       0x31 C:\PROGRA~1\CYGNUS\THUMBELF-000512\H-I686-CYGWIN32\BIN/../lib/gcc-lib/thumb-elf/2.9-arm-000512/../../../../thumb-elf/lib/libg.a(freer.o)
 .debug_pubnames
                0x00000973       0x31 C:\PROGRA~1\CYGNUS\THUMBELF-000512\H-I686-CYGWIN32\BIN/../lib/gcc-lib/thumb-elf/2.9-arm-000512/../../../../thumb-elf/lib/libg.a(libcfunc.o)
 .debug_pubnames
                0x000009a4       0x1d C:\PROGRA~1\CYGNUS\THUMBELF-000512\H-I686-CYGWIN32\BIN/../lib/gcc-lib/thumb-elf/2.9-arm-000512/../../../../thumb-elf/lib/libg.a(strlen.o)

.debug_info     0x00000000     0xde56
 *(.debug_info)
 .debug_info    0x00000000     0x3798 main.o
 .debug_info    0x00003798     0x301a hard_init.o
 .debug_info    0x000067b2      0x104 C:\PROGRA~1\CYGNUS\THUMBELF-000512\H-I686-CYGWIN32\BIN/../lib/gcc-lib/thumb-elf/2.9-arm-000512/libgcc.a(__main.o)
 .debug_info    0x000068b6       0xa8 C:\PROGRA~1\CYGNUS\THUMBELF-000512\H-I686-CYGWIN32\BIN/../lib/gcc-lib/thumb-elf/2.9-arm-000512/libgcc.a(_ctors.o)
 .debug_info    0x0000695e       0xa8 C:\PROGRA~1\CYGNUS\THUMBELF-000512\H-I686-CYGWIN32\BIN/../lib/gcc-lib/thumb-elf/2.9-arm-000512/libgcc.a(_exit.o)
 .debug_info    0x00006a06      0x9c9 C:\PROGRA~1\CYGNUS\THUMBELF-000512\H-I686-CYGWIN32\BIN/../lib/gcc-lib/thumb-elf/2.9-arm-000512/../../../../thumb-elf/lib/libg.a(atexit.o)
 .debug_info    0x000073cf      0x90d C:\PROGRA~1\CYGNUS\THUMBELF-000512\H-I686-CYGWIN32\BIN/../lib/gcc-lib/thumb-elf/2.9-arm-000512/../../../../thumb-elf/lib/libg.a(impure.o)
 .debug_info    0x00007cdc      0xa96 C:\PROGRA~1\CYGNUS\THUMBELF-000512\H-I686-CYGWIN32\BIN/../lib/gcc-lib/thumb-elf/2.9-arm-000512/../../../../thumb-elf/lib/libg.a(malloc.o)
 .debug_info    0x00008772      0xf56 C:\PROGRA~1\CYGNUS\THUMBELF-000512\H-I686-CYGWIN32\BIN/../lib/gcc-lib/thumb-elf/2.9-arm-000512/../../../../thumb-elf/lib/libg.a(mallocr.o)
 .debug_info    0x000096c8      0x9d1 C:\PROGRA~1\CYGNUS\THUMBELF-000512\H-I686-CYGWIN32\BIN/../lib/gcc-lib/thumb-elf/2.9-arm-000512/../../../../thumb-elf/lib/libg.a(mlock.o)
 .debug_info    0x0000a099      0xaea C:\PROGRA~1\CYGNUS\THUMBELF-000512\H-I686-CYGWIN32\BIN/../lib/gcc-lib/thumb-elf/2.9-arm-000512/../../../../thumb-elf/lib/libg.a(sbrkr.o)
 .debug_info    0x0000ab83     0x1833 C:\PROGRA~1\CYGNUS\THUMBELF-000512\H-I686-CYGWIN32\BIN/../lib/gcc-lib/thumb-elf/2.9-arm-000512/../../../../thumb-elf/lib/libg.a(syscalls.o)
 .debug_info    0x0000c3b6      0x91b C:\PROGRA~1\CYGNUS\THUMBELF-000512\H-I686-CYGWIN32\BIN/../lib/gcc-lib/thumb-elf/2.9-arm-000512/../../../../thumb-elf/lib/libg.a(errno.o)
 .debug_info    0x0000ccd1      0xe2d C:\PROGRA~1\CYGNUS\THUMBELF-000512\H-I686-CYGWIN32\BIN/../lib/gcc-lib/thumb-elf/2.9-arm-000512/../../../../thumb-elf/lib/libg.a(freer.o)
 .debug_info    0x0000dafe      0x1ab C:\PROGRA~1\CYGNUS\THUMBELF-000512\H-I686-CYGWIN32\BIN/../lib/gcc-lib/thumb-elf/2.9-arm-000512/../../../../thumb-elf/lib/libg.a(libcfunc.o)
 .debug_info    0x0000dca9      0x1ad C:\PROGRA~1\CYGNUS\THUMBELF-000512\H-I686-CYGWIN32\BIN/../lib/gcc-lib/thumb-elf/2.9-arm-000512/../../../../thumb-elf/lib/libg.a(strlen.o)

.debug_abbrev   0x00000000      0xff4
 *(.debug_abbrev)
 .debug_abbrev  0x00000000      0x1a9 main.o
 .debug_abbrev  0x000001a9      0x15c hard_init.o
 .debug_abbrev  0x00000305       0x20 C:\PROGRA~1\CYGNUS\THUMBELF-000512\H-I686-CYGWIN32\BIN/../lib/gcc-lib/thumb-elf/2.9-arm-000512/libgcc.a(__main.o)
 .debug_abbrev  0x00000325        0xd C:\PROGRA~1\CYGNUS\THUMBELF-000512\H-I686-CYGWIN32\BIN/../lib/gcc-lib/thumb-elf/2.9-arm-000512/libgcc.a(_ctors.o)
 .debug_abbrev  0x00000332        0xd C:\PROGRA~1\CYGNUS\THUMBELF-000512\H-I686-CYGWIN32\BIN/../lib/gcc-lib/thumb-elf/2.9-arm-000512/libgcc.a(_exit.o)
 .debug_abbrev  0x0000033f      0x126 C:\PROGRA~1\CYGNUS\THUMBELF-000512\H-I686-CYGWIN32\BIN/../lib/gcc-lib/thumb-elf/2.9-arm-000512/../../../../thumb-elf/lib/libg.a(atexit.o)
 .debug_abbrev  0x00000465       0xeb C:\PROGRA~1\CYGNUS\THUMBELF-000512\H-I686-CYGWIN32\BIN/../lib/gcc-lib/thumb-elf/2.9-arm-000512/../../../../thumb-elf/lib/libg.a(impure.o)
 .debug_abbrev  0x00000550      0x121 C:\PROGRA~1\CYGNUS\THUMBELF-000512\H-I686-CYGWIN32\BIN/../lib/gcc-lib/thumb-elf/2.9-arm-000512/../../../../thumb-elf/lib/libg.a(malloc.o)
 .debug_abbrev  0x00000671      0x16d C:\PROGRA~1\CYGNUS\THUMBELF-000512\H-I686-CYGWIN32\BIN/../lib/gcc-lib/thumb-elf/2.9-arm-000512/../../../../thumb-elf/lib/libg.a(mallocr.o)
 .debug_abbrev  0x000007de       0xec C:\PROGRA~1\CYGNUS\THUMBELF-000512\H-I686-CYGWIN32\BIN/../lib/gcc-lib/thumb-elf/2.9-arm-000512/../../../../thumb-elf/lib/libg.a(mlock.o)
 .debug_abbrev  0x000008ca      0x126 C:\PROGRA~1\CYGNUS\THUMBELF-000512\H-I686-CYGWIN32\BIN/../lib/gcc-lib/thumb-elf/2.9-arm-000512/../../../../thumb-elf/lib/libg.a(sbrkr.o)
 .debug_abbrev  0x000009f0      0x269 C:\PROGRA~1\CYGNUS\THUMBELF-000512\H-I686-CYGWIN32\BIN/../lib/gcc-lib/thumb-elf/2.9-arm-000512/../../../../thumb-elf/lib/libg.a(syscalls.o)
 .debug_abbrev  0x00000c59       0xf9 C:\PROGRA~1\CYGNUS\THUMBELF-000512\H-I686-CYGWIN32\BIN/../lib/gcc-lib/thumb-elf/2.9-arm-000512/../../../../thumb-elf/lib/libg.a(errno.o)
 .debug_abbrev  0x00000d52      0x162 C:\PROGRA~1\CYGNUS\THUMBELF-000512\H-I686-CYGWIN32\BIN/../lib/gcc-lib/thumb-elf/2.9-arm-000512/../../../../thumb-elf/lib/libg.a(freer.o)
 .debug_abbrev  0x00000eb4       0xce C:\PROGRA~1\CYGNUS\THUMBELF-000512\H-I686-CYGWIN32\BIN/../lib/gcc-lib/thumb-elf/2.9-arm-000512/../../../../thumb-elf/lib/libg.a(libcfunc.o)
 .debug_abbrev  0x00000f82       0x72 C:\PROGRA~1\CYGNUS\THUMBELF-000512\H-I686-CYGWIN32\BIN/../lib/gcc-lib/thumb-elf/2.9-arm-000512/../../../../thumb-elf/lib/libg.a(strlen.o)

.debug_line     0x00000000     0x3311
 *(.debug_line)
 .debug_line    0x00000000      0x4b8 main.o
 .debug_line    0x000004b8      0x2fe hard_init.o
 .debug_line    0x000007b6      0x322 C:\PROGRA~1\CYGNUS\THUMBELF-000512\H-I686-CYGWIN32\BIN/../lib/gcc-lib/thumb-elf/2.9-arm-000512/../../../../thumb-elf/lib/libg.a(atexit.o)
 .debug_line    0x00000ad8      0x346 C:\PROGRA~1\CYGNUS\THUMBELF-000512\H-I686-CYGWIN32\BIN/../lib/gcc-lib/thumb-elf/2.9-arm-000512/../../../../thumb-elf/lib/libg.a(malloc.o)
 .debug_line    0x00000e1e      0x84c C:\PROGRA~1\CYGNUS\THUMBELF-000512\H-I686-CYGWIN32\BIN/../lib/gcc-lib/thumb-elf/2.9-arm-000512/../../../../thumb-elf/lib/libg.a(mallocr.o)
 .debug_line    0x0000166a      0x279 C:\PROGRA~1\CYGNUS\THUMBELF-000512\H-I686-CYGWIN32\BIN/../lib/gcc-lib/thumb-elf/2.9-arm-000512/../../../../thumb-elf/lib/libg.a(mlock.o)
 .debug_line    0x000018e3      0x2f3 C:\PROGRA~1\CYGNUS\THUMBELF-000512\H-I686-CYGWIN32\BIN/../lib/gcc-lib/thumb-elf/2.9-arm-000512/../../../../thumb-elf/lib/libg.a(sbrkr.o)
 .debug_line    0x00001bd6      0xcb1 C:\PROGRA~1\CYGNUS\THUMBELF-000512\H-I686-CYGWIN32\BIN/../lib/gcc-lib/thumb-elf/2.9-arm-000512/../../../../thumb-elf/lib/libg.a(syscalls.o)
 .debug_line    0x00002887      0x274 C:\PROGRA~1\CYGNUS\THUMBELF-000512\H-I686-CYGWIN32\BIN/../lib/gcc-lib/thumb-elf/2.9-arm-000512/../../../../thumb-elf/lib/libg.a(errno.o)
 .debug_line    0x00002afb      0x596 C:\PROGRA~1\CYGNUS\THUMBELF-000512\H-I686-CYGWIN32\BIN/../lib/gcc-lib/thumb-elf/2.9-arm-000512/../../../../thumb-elf/lib/libg.a(freer.o)
 .debug_line    0x00003091       0xe3 C:\PROGRA~1\CYGNUS\THUMBELF-000512\H-I686-CYGWIN32\BIN/../lib/gcc-lib/thumb-elf/2.9-arm-000512/../../../../thumb-elf/lib/libg.a(libcfunc.o)
 .debug_line    0x00003174      0x19d C:\PROGRA~1\CYGNUS\THUMBELF-000512\H-I686-CYGWIN32\BIN/../lib/gcc-lib/thumb-elf/2.9-arm-000512/../../../../thumb-elf/lib/libg.a(strlen.o)

.debug_frame
 *(.debug_frame)

.debug_str
 *(.debug_str)

.debug_loc
 *(.debug_loc)

.debug_macinfo
 *(.debug_macinfo)

.debug_weaknames
 *(.debug_weaknames)

.debug_funcnames
 *(.debug_funcnames)

.debug_typenames
 *(.debug_typenames)

.debug_varnames
 *(.debug_varnames)

.stack          0x00080000        0x0
                0x00080000                _stack=.
 *(.stack)
OUTPUT(sample.elf elf32-littlearm)
